[gnark] t1-0 backend=groth16 regime=A gadget=hintedsign reps=5 warmup=1
[gnark] go=go1.26.4 darwin/arm64 GOMAXPROCS=10 GOGC=unset(default 100) GOMEMLIMIT=unset(off)(bytes=9223372036854775807)
[gnark] memory policy: default GC, no debug.FreeOSMemory() call anywhere in this binary; peak RSS and peak footprint are what the OS observed, not what we asked it to observe
[gnark] clock: time.Now/time.Since (monotonic reading; does not advance during Darwin sleep); cell also bracketed by clockprobe.py
[gnark] A1 max_abs_intermediate=265403 int64_max=9223372036854775807 margin=3.475e+13x static_worst_case=4194304 field=BN254_scalar_~2^254 field_overflow_impossible_at_these_magnitudes=true
[gnark] go-heap only (NOT the published figure): HeapAlloc=0.396GB Sys=0.643GB TotalAlloc=3.286GB NumGC=47
       18.71 real       122.93 user         0.79 sys
           643055616  maximum resident set size
                   0  average shared memory size
                   0  average unshared data size
                   0  average unshared stack size
               39500  page reclaims
                   0  page faults
                   0  swaps
                   0  block input operations
                   0  block output operations
                   0  messages sent
                   0  messages received
                4622  signals received
                3021  voluntary context switches
              103216  involuntary context switches
       1206995251176  instructions retired
        363079687819  cycles elapsed
           635569160  peak memory footprint
