[2m2026-08-24T00:57:03.550193Z[0m [32m INFO[0m [2mdeep_prove_worker::api[0m[2m:[0m [2mdeep-prove/src/bin/worker/api.rs[0m[2m:[0m[2m144[0m[2m:[0m no proofs ready
[2m2026-08-24T00:57:04.679133Z[0m [32m INFO[0m [2mdeep_prove_worker::api[0m[2m:[0m [2mdeep-prove/src/bin/worker/api.rs[0m[2m:[0m[2m155[0m[2m:[0m adding proof request to the queue
[2m2026-08-24T00:57:04.691327Z[0m [32m INFO[0m [2mdeep_prove_worker::api[0m[2m:[0m [2mdeep-prove/src/bin/worker/api.rs[0m[2m:[0m[2m144[0m[2m:[0m no proofs ready
[2m2026-08-24T00:57:05.546880Z[0m [32m INFO[0m [1mdp_worker_prove_inference[0m: [2mdeep_prove_worker::api[0m[2m:[0m [2mdeep-prove/src/bin/worker/api.rs[0m[2m:[0m[2m87[0m[2m:[0m processing proof... [2m[1mproof_id[0m: "api-local"[0m
[2m2026-08-24T00:57:05.546952Z[0m [32m INFO[0m [1mdp_worker_prove_inference[0m: [2mdeep_prove_worker[0m[2m:[0m [2mdeep-prove/src/bin/worker/main.rs[0m[2m:[0m[2m34[0m[2m:[0m Proving inference [2m[1mproof_id[0m: "api-local"[0m
[2m2026-08-24T00:57:05.546961Z[0m [32m INFO[0m [1mdp_worker_prove_inference[0m: [2mdeep_prove_worker[0m[2m:[0m [2mdeep-prove/src/bin/worker/main.rs[0m[2m:[0m[2m43[0m[2m:[0m Received proof job: inputs=1 scaling_strategy=AbsoluteMax [2m[1mproof_id[0m: "api-local"[0m
[2m2026-08-24T00:57:05.550844Z[0m [32m INFO[0m [1mdp_worker_prove_inference[0m: [2mzkml::model[0m[2m:[0m [2mzkml/src/model/mod.rs[0m[2m:[0m[2m1279[0m[2m:[0m Model description: [2m[1mproof_id[0m: "api-local"[0m
[2m2026-08-24T00:57:05.550935Z[0m [32m INFO[0m [1mdp_worker_prove_inference[0m: [2mzkml::model[0m[2m:[0m [2mzkml/src/model/mod.rs[0m[2m:[0m[2m1280[0m[2m:[0m Input shapes: [[256]] [2m[1mproof_id[0m: "api-local"[0m
[2m2026-08-24T00:57:05.550966Z[0m [32m INFO[0m [1mdp_worker_prove_inference[0m: [2mzkml::model[0m[2m:[0m [2mzkml/src/model/mod.rs[0m[2m:[0m[2m1281[0m[2m:[0m Padded input shapes: [[256]] [2m[1mproof_id[0m: "api-local"[0m
[2m2026-08-24T00:57:05.550994Z[0m [32m INFO[0m [1mdp_worker_prove_inference[0m: [2mzkml::model[0m[2m:[0m [2mzkml/src/model/mod.rs[0m[2m:[0m[2m1292[0m[2m:[0m 	- N1: EinSum(A(j)@W(ij)->O(i)) [2m[1mproof_id[0m: "api-local"[0m
[2m2026-08-24T00:57:05.551011Z[0m [32m INFO[0m [1mdp_worker_prove_inference[0m: [2mzkml::model[0m[2m:[0m [2mzkml/src/model/mod.rs[0m[2m:[0m[2m1293[0m[2m:[0m 		- edges: [N0 -- [Ports([PortLink { source_port: Port(0), target_port: Port(0) }])] --> N1, N1 -- [Ports([PortLink { source_port: Port(0), target_port: Port(0) }])] --> N2] [2m[1mproof_id[0m: "api-local"[0m
[2m2026-08-24T00:57:05.551037Z[0m [32m INFO[0m [1mdp_worker_prove_inference[0m: [2mzkml::model[0m[2m:[0m [2mzkml/src/model/mod.rs[0m[2m:[0m[2m1295[0m[2m:[0m Input nodes: [2m[1mproof_id[0m: "api-local"[0m
[2m2026-08-24T00:57:05.551051Z[0m [32m INFO[0m [1mdp_worker_prove_inference[0m: [2mzkml::model[0m[2m:[0m [2mzkml/src/model/mod.rs[0m[2m:[0m[2m1297[0m[2m:[0m 	- N0:0 [2m[1mproof_id[0m: "api-local"[0m
[2m2026-08-24T00:57:05.551065Z[0m [32m INFO[0m [1mdp_worker_prove_inference[0m: [2mzkml::model[0m[2m:[0m [2mzkml/src/model/mod.rs[0m[2m:[0m[2m1299[0m[2m:[0m Output nodes: [2m[1mproof_id[0m: "api-local"[0m
[2m2026-08-24T00:57:05.551079Z[0m [32m INFO[0m [1mdp_worker_prove_inference[0m: [2mzkml::model[0m[2m:[0m [2mzkml/src/model/mod.rs[0m[2m:[0m[2m1301[0m[2m:[0m 	- N2:0 [2m[1mproof_id[0m: "api-local"[0m
[2m2026-08-24T00:57:05.552418Z[0m [32m INFO[0m [1mdp_worker_prove_inference[0m: [2mzkml::quantization::strategy[0m[2m:[0m [2mzkml/src/quantization/strategy.rs[0m[2m:[0m[2m549[0m[2m:[0m Quantized model with 4 layers, output node ids: [Node(2)] [2m[1mproof_id[0m: "api-local"[0m
[2m2026-08-24T00:57:05.553813Z[0m [32m INFO[0m [1mdp_worker_prove_inference[0m: [2mdeep_prove_worker[0m[2m:[0m [2mdeep-prove/src/bin/worker/main.rs[0m[2m:[0m[2m94[0m[2m:[0m Model prepared: inputs=1 outputs=1 layers=2 [2m[1mproof_id[0m: "api-local"[0m
[2m2026-08-24T00:57:05.553940Z[0m [32m INFO[0m [1mdp_worker_prove_inference[0m: [2mdeep_prove_worker[0m[2m:[0m [2mdeep-prove/src/bin/worker/main.rs[0m[2m:[0m[2m107[0m[2m:[0m Generating proving and verifier contexts [2m[1mproof_id[0m: "api-local"[0m
[2m2026-08-24T00:57:05.727178Z[0m [32m INFO[0m [2mdeep_prove_worker::api[0m[2m:[0m [2mdeep-prove/src/bin/worker/api.rs[0m[2m:[0m[2m144[0m[2m:[0m no proofs ready
[2m2026-08-24T00:57:06.203558Z[0m [32m INFO[0m [1mdp_worker_prove_inference[0m: [2mdeep_prove_worker[0m[2m:[0m [2mdeep-prove/src/bin/worker/main.rs[0m[2m:[0m[2m131[0m[2m:[0m Stored generated proving parameters for reuse [2m[1mproof_id[0m: "api-local"[0m
[2m2026-08-24T00:57:06.760140Z[0m [32m INFO[0m [2mdeep_prove_worker::api[0m[2m:[0m [2mdeep-prove/src/bin/worker/api.rs[0m[2m:[0m[2m144[0m[2m:[0m no proofs ready
[2m2026-08-24T00:57:07.340206Z[0m [33m WARN[0m [1mdp_worker_prove_inference[0m:[1mzkml_prove[0m:[1mzkml_prove_chunked[0m:[1mProver::prove_requant[0m: [2mdp_crypto::sumcheck::util[0m[2m:[0m [2m/home/bench/.cargo/git/checkouts/dp-crypto-8724f154af4b9820/22e8e93/dp-crypto/src/sumcheck/util.rs[0m[2m:[0m[2m75[0m[2m:[0m thread size 10 is not power of 2, using 8 threads instead. [2m[1mproof_id[0m: "api-local"[0m [2m[1mchunks[0m: 1[0m
[2m2026-08-24T00:57:07.794963Z[0m [32m INFO[0m [2mdeep_prove_worker::api[0m[2m:[0m [2mdeep-prove/src/bin/worker/api.rs[0m[2m:[0m[2m144[0m[2m:[0m no proofs ready
[2m2026-08-24T00:57:07.820177Z[0m [32m INFO[0m [2mdeep_prove_worker[0m[2m:[0m [2mdeep-prove/src/bin/worker/main.rs[0m[2m:[0m[2m186[0m[2m:[0m Proving done.
[2m2026-08-24T00:57:07.820210Z[0m [32m INFO[0m [2mdeep_prove_worker::api[0m[2m:[0m [2mdeep-prove/src/bin/worker/api.rs[0m[2m:[0m[2m98[0m[2m:[0m proof generated in 2s
[2m2026-08-24T00:57:08.816058Z[0m [32m INFO[0m [2mdeep_prove_worker::api[0m[2m:[0m [2mdeep-prove/src/bin/worker/api.rs[0m[2m:[0m[2m141[0m[2m:[0m returning a 0MB proof
[2m2026-08-24T00:57:09.200387Z[0m [32m INFO[0m [2mdeep_prove_worker::api[0m[2m:[0m [2mdeep-prove/src/bin/worker/api.rs[0m[2m:[0m[2m155[0m[2m:[0m adding proof request to the queue
[2m2026-08-24T00:57:09.213135Z[0m [32m INFO[0m [2mdeep_prove_worker::api[0m[2m:[0m [2mdeep-prove/src/bin/worker/api.rs[0m[2m:[0m[2m144[0m[2m:[0m no proofs ready
[2m2026-08-24T00:57:09.823380Z[0m [32m INFO[0m [1mdp_worker_prove_inference[0m: [2mdeep_prove_worker::api[0m[2m:[0m [2mdeep-prove/src/bin/worker/api.rs[0m[2m:[0m[2m87[0m[2m:[0m processing proof... [2m[1mproof_id[0m: "api-local"[0m
[2m2026-08-24T00:57:09.823439Z[0m [32m INFO[0m [1mdp_worker_prove_inference[0m: [2mdeep_prove_worker[0m[2m:[0m [2mdeep-prove/src/bin/worker/main.rs[0m[2m:[0m[2m34[0m[2m:[0m Proving inference [2m[1mproof_id[0m: "api-local"[0m
[2m2026-08-24T00:57:09.823445Z[0m [32m INFO[0m [1mdp_worker_prove_inference[0m: [2mdeep_prove_worker[0m[2m:[0m [2mdeep-prove/src/bin/worker/main.rs[0m[2m:[0m[2m43[0m[2m:[0m Received proof job: inputs=1 scaling_strategy=AbsoluteMax [2m[1mproof_id[0m: "api-local"[0m
[2m2026-08-24T00:57:09.831357Z[0m [32m INFO[0m [1mdp_worker_prove_inference[0m: [2mzkml::model[0m[2m:[0m [2mzkml/src/model/mod.rs[0m[2m:[0m[2m1279[0m[2m:[0m Model description: [2m[1mproof_id[0m: "api-local"[0m
[2m2026-08-24T00:57:09.831393Z[0m [32m INFO[0m [1mdp_worker_prove_inference[0m: [2mzkml::model[0m[2m:[0m [2mzkml/src/model/mod.rs[0m[2m:[0m[2m1280[0m[2m:[0m Input shapes: [[768]] [2m[1mproof_id[0m: "api-local"[0m
[2m2026-08-24T00:57:09.831399Z[0m [32m INFO[0m [1mdp_worker_prove_inference[0m: [2mzkml::model[0m[2m:[0m [2mzkml/src/model/mod.rs[0m[2m:[0m[2m1281[0m[2m:[0m Padded input shapes: [[1024]] [2m[1mproof_id[0m: "api-local"[0m
[2m2026-08-24T00:57:09.831408Z[0m [32m INFO[0m [1mdp_worker_prove_inference[0m: [2mzkml::model[0m[2m:[0m [2mzkml/src/model/mod.rs[0m[2m:[0m[2m1292[0m[2m:[0m 	- N1: EinSum(A(j)@W(ij)->O(i)) [2m[1mproof_id[0m: "api-local"[0m
[2m2026-08-24T00:57:09.831427Z[0m [32m INFO[0m [1mdp_worker_prove_inference[0m: [2mzkml::model[0m[2m:[0m [2mzkml/src/model/mod.rs[0m[2m:[0m[2m1293[0m[2m:[0m 		- edges: [N0 -- [Ports([PortLink { source_port: Port(0), target_port: Port(0) }])] --> N1, N1 -- [Ports([PortLink { source_port: Port(0), target_port: Port(0) }])] --> N2] [2m[1mproof_id[0m: "api-local"[0m
[2m2026-08-24T00:57:09.831434Z[0m [32m INFO[0m [1mdp_worker_prove_inference[0m: [2mzkml::model[0m[2m:[0m [2mzkml/src/model/mod.rs[0m[2m:[0m[2m1295[0m[2m:[0m Input nodes: [2m[1mproof_id[0m: "api-local"[0m
[2m2026-08-24T00:57:09.831438Z[0m [32m INFO[0m [1mdp_worker_prove_inference[0m: [2mzkml::model[0m[2m:[0m [2mzkml/src/model/mod.rs[0m[2m:[0m[2m1297[0m[2m:[0m 	- N0:0 [2m[1mproof_id[0m: "api-local"[0m
[2m2026-08-24T00:57:09.831442Z[0m [32m INFO[0m [1mdp_worker_prove_inference[0m: [2mzkml::model[0m[2m:[0m [2mzkml/src/model/mod.rs[0m[2m:[0m[2m1299[0m[2m:[0m Output nodes: [2m[1mproof_id[0m: "api-local"[0m
[2m2026-08-24T00:57:09.831445Z[0m [32m INFO[0m [1mdp_worker_prove_inference[0m: [2mzkml::model[0m[2m:[0m [2mzkml/src/model/mod.rs[0m[2m:[0m[2m1301[0m[2m:[0m 	- N2:0 [2m[1mproof_id[0m: "api-local"[0m
[2m2026-08-24T00:57:09.836358Z[0m [32m INFO[0m [1mdp_worker_prove_inference[0m: [2mzkml::quantization::strategy[0m[2m:[0m [2mzkml/src/quantization/strategy.rs[0m[2m:[0m[2m549[0m[2m:[0m Quantized model with 4 layers, output node ids: [Node(2)] [2m[1mproof_id[0m: "api-local"[0m
[2m2026-08-24T00:57:09.836636Z[0m [32m INFO[0m [1mdp_worker_prove_inference[0m: [2mdeep_prove_worker[0m[2m:[0m [2mdeep-prove/src/bin/worker/main.rs[0m[2m:[0m[2m94[0m[2m:[0m Model prepared: inputs=1 outputs=1 layers=2 [2m[1mproof_id[0m: "api-local"[0m
[2m2026-08-24T00:57:09.836652Z[0m [32m INFO[0m [1mdp_worker_prove_inference[0m: [2mdeep_prove_worker[0m[2m:[0m [2mdeep-prove/src/bin/worker/main.rs[0m[2m:[0m[2m107[0m[2m:[0m Generating proving and verifier contexts [2m[1mproof_id[0m: "api-local"[0m
[2m2026-08-24T00:57:10.240045Z[0m [32m INFO[0m [2mdeep_prove_worker::api[0m[2m:[0m [2mdeep-prove/src/bin/worker/api.rs[0m[2m:[0m[2m144[0m[2m:[0m no proofs ready
[2m2026-08-24T00:57:11.280955Z[0m [32m INFO[0m [1mdp_worker_prove_inference[0m: [2mdeep_prove_worker::api[0m[2m:[0m [2mdeep-prove/src/bin/worker/api.rs[0m[2m:[0m[2m144[0m[2m:[0m no proofs ready [2m[1mproof_id[0m: "api-local"[0m
[2m2026-08-24T00:57:12.311605Z[0m [32m INFO[0m [1mdp_worker_prove_inference[0m: [2mdeep_prove_worker::api[0m[2m:[0m [2mdeep-prove/src/bin/worker/api.rs[0m[2m:[0m[2m144[0m[2m:[0m no proofs ready [2m[1mproof_id[0m: "api-local"[0m
[2m2026-08-24T00:57:13.344904Z[0m [32m INFO[0m [1mdp_worker_prove_inference[0m: [2mdeep_prove_worker::api[0m[2m:[0m [2mdeep-prove/src/bin/worker/api.rs[0m[2m:[0m[2m144[0m[2m:[0m no proofs ready [2m[1mproof_id[0m: "api-local"[0m
[2m2026-08-24T00:57:14.375240Z[0m [32m INFO[0m [1mdp_worker_prove_inference[0m: [2mdeep_prove_worker::api[0m[2m:[0m [2mdeep-prove/src/bin/worker/api.rs[0m[2m:[0m[2m144[0m[2m:[0m no proofs ready [2m[1mproof_id[0m: "api-local"[0m
[2m2026-08-24T00:57:15.406426Z[0m [32m INFO[0m [1mdp_worker_prove_inference[0m: [2mdeep_prove_worker::api[0m[2m:[0m [2mdeep-prove/src/bin/worker/api.rs[0m[2m:[0m[2m144[0m[2m:[0m no proofs ready [2m[1mproof_id[0m: "api-local"[0m
[2m2026-08-24T00:57:16.434500Z[0m [32m INFO[0m [2mdeep_prove_worker::api[0m[2m:[0m [2mdeep-prove/src/bin/worker/api.rs[0m[2m:[0m[2m144[0m[2m:[0m no proofs ready
[2m2026-08-24T00:57:17.464010Z[0m [32m INFO[0m [1mdp_worker_prove_inference[0m: [2mdeep_prove_worker::api[0m[2m:[0m [2mdeep-prove/src/bin/worker/api.rs[0m[2m:[0m[2m144[0m[2m:[0m no proofs ready [2m[1mproof_id[0m: "api-local"[0m
[2m2026-08-24T00:57:17.630699Z[0m [32m INFO[0m [2mdeep_prove_worker[0m[2m:[0m [2mdeep-prove/src/bin/worker/main.rs[0m[2m:[0m[2m131[0m[2m:[0m Stored generated proving parameters for reuse
[2m2026-08-24T00:57:18.550495Z[0m [32m INFO[0m [2mdeep_prove_worker::api[0m[2m:[0m [2mdeep-prove/src/bin/worker/api.rs[0m[2m:[0m[2m144[0m[2m:[0m no proofs ready
[2m2026-08-24T00:57:19.629760Z[0m [32m INFO[0m [2mdeep_prove_worker::api[0m[2m:[0m [2mdeep-prove/src/bin/worker/api.rs[0m[2m:[0m[2m144[0m[2m:[0m no proofs ready
[2m2026-08-24T00:57:20.675327Z[0m [32m INFO[0m [1mdp_worker_prove_inference[0m: [2mdeep_prove_worker::api[0m[2m:[0m [2mdeep-prove/src/bin/worker/api.rs[0m[2m:[0m[2m144[0m[2m:[0m no proofs ready [2m[1mproof_id[0m: "api-local"[0m
[2m2026-08-24T00:57:21.706133Z[0m [32m INFO[0m [2mdeep_prove_worker::api[0m[2m:[0m [2mdeep-prove/src/bin/worker/api.rs[0m[2m:[0m[2m144[0m[2m:[0m no proofs ready
[2m2026-08-24T00:57:22.744603Z[0m [32m INFO[0m [1mdp_worker_prove_inference[0m: [2mdeep_prove_worker::api[0m[2m:[0m [2mdeep-prove/src/bin/worker/api.rs[0m[2m:[0m[2m144[0m[2m:[0m no proofs ready [2m[1mproof_id[0m: "api-local"[0m
[2m2026-08-24T00:57:23.828731Z[0m [32m INFO[0m [1mdp_worker_prove_inference[0m: [2mdeep_prove_worker::api[0m[2m:[0m [2mdeep-prove/src/bin/worker/api.rs[0m[2m:[0m[2m144[0m[2m:[0m no proofs ready [2m[1mproof_id[0m: "api-local"[0m
[2m2026-08-24T00:57:24.873345Z[0m [32m INFO[0m [1mdp_worker_prove_inference[0m: [2mdeep_prove_worker::api[0m[2m:[0m [2mdeep-prove/src/bin/worker/api.rs[0m[2m:[0m[2m144[0m[2m:[0m no proofs ready [2m[1mproof_id[0m: "api-local"[0m
[2m2026-08-24T00:57:25.943486Z[0m [32m INFO[0m [2mdeep_prove_worker::api[0m[2m:[0m [2mdeep-prove/src/bin/worker/api.rs[0m[2m:[0m[2m144[0m[2m:[0m no proofs ready
[2m2026-08-24T00:57:26.996812Z[0m [32m INFO[0m [2mdeep_prove_worker::api[0m[2m:[0m [2mdeep-prove/src/bin/worker/api.rs[0m[2m:[0m[2m144[0m[2m:[0m no proofs ready
[2m2026-08-24T00:57:28.097117Z[0m [32m INFO[0m [2mdeep_prove_worker::api[0m[2m:[0m [2mdeep-prove/src/bin/worker/api.rs[0m[2m:[0m[2m144[0m[2m:[0m no proofs ready
[2m2026-08-24T00:57:29.134517Z[0m [32m INFO[0m [1mdp_worker_prove_inference[0m: [2mdeep_prove_worker::api[0m[2m:[0m [2mdeep-prove/src/bin/worker/api.rs[0m[2m:[0m[2m144[0m[2m:[0m no proofs ready [2m[1mproof_id[0m: "api-local"[0m
[2m2026-08-24T00:57:30.229279Z[0m [32m INFO[0m [2mdeep_prove_worker::api[0m[2m:[0m [2mdeep-prove/src/bin/worker/api.rs[0m[2m:[0m[2m144[0m[2m:[0m no proofs ready
[2m2026-08-24T00:57:31.306614Z[0m [32m INFO[0m [1mdp_worker_prove_inference[0m: [2mdeep_prove_worker::api[0m[2m:[0m [2mdeep-prove/src/bin/worker/api.rs[0m[2m:[0m[2m144[0m[2m:[0m no proofs ready [2m[1mproof_id[0m: "api-local"[0m
[2m2026-08-24T00:57:32.375019Z[0m [32m INFO[0m [1mdp_worker_prove_inference[0m: [2mdeep_prove_worker::api[0m[2m:[0m [2mdeep-prove/src/bin/worker/api.rs[0m[2m:[0m[2m144[0m[2m:[0m no proofs ready [2m[1mproof_id[0m: "api-local"[0m
[2m2026-08-24T00:57:33.484903Z[0m [32m INFO[0m [1mdp_worker_prove_inference[0m: [2mdeep_prove_worker::api[0m[2m:[0m [2mdeep-prove/src/bin/worker/api.rs[0m[2m:[0m[2m144[0m[2m:[0m no proofs ready [2m[1mproof_id[0m: "api-local"[0m
[2m2026-08-24T00:57:34.531721Z[0m [32m INFO[0m [1mdp_worker_prove_inference[0m: [2mdeep_prove_worker::api[0m[2m:[0m [2mdeep-prove/src/bin/worker/api.rs[0m[2m:[0m[2m144[0m[2m:[0m no proofs ready [2m[1mproof_id[0m: "api-local"[0m
[2m2026-08-24T00:57:35.614054Z[0m [32m INFO[0m [2mdeep_prove_worker::api[0m[2m:[0m [2mdeep-prove/src/bin/worker/api.rs[0m[2m:[0m[2m144[0m[2m:[0m no proofs ready
[2m2026-08-24T00:57:36.644704Z[0m [32m INFO[0m [2mdeep_prove_worker::api[0m[2m:[0m [2mdeep-prove/src/bin/worker/api.rs[0m[2m:[0m[2m144[0m[2m:[0m no proofs ready
[2m2026-08-24T00:57:37.685529Z[0m [32m INFO[0m [2mdeep_prove_worker::api[0m[2m:[0m [2mdeep-prove/src/bin/worker/api.rs[0m[2m:[0m[2m144[0m[2m:[0m no proofs ready
[2m2026-08-24T00:57:38.711028Z[0m [32m INFO[0m [1mdp_worker_prove_inference[0m: [2mdeep_prove_worker::api[0m[2m:[0m [2mdeep-prove/src/bin/worker/api.rs[0m[2m:[0m[2m144[0m[2m:[0m no proofs ready [2m[1mproof_id[0m: "api-local"[0m
[2m2026-08-24T00:57:39.751840Z[0m [32m INFO[0m [1mdp_worker_prove_inference[0m: [2mdeep_prove_worker::api[0m[2m:[0m [2mdeep-prove/src/bin/worker/api.rs[0m[2m:[0m[2m144[0m[2m:[0m no proofs ready [2m[1mproof_id[0m: "api-local"[0m
[2m2026-08-24T00:57:40.794924Z[0m [32m INFO[0m [2mdeep_prove_worker::api[0m[2m:[0m [2mdeep-prove/src/bin/worker/api.rs[0m[2m:[0m[2m144[0m[2m:[0m no proofs ready
[2m2026-08-24T00:57:41.834902Z[0m [32m INFO[0m [1mdp_worker_prove_inference[0m: [2mdeep_prove_worker::api[0m[2m:[0m [2mdeep-prove/src/bin/worker/api.rs[0m[2m:[0m[2m144[0m[2m:[0m no proofs ready [2m[1mproof_id[0m: "api-local"[0m
[2m2026-08-24T00:57:42.883051Z[0m [32m INFO[0m [2mdeep_prove_worker::api[0m[2m:[0m [2mdeep-prove/src/bin/worker/api.rs[0m[2m:[0m[2m144[0m[2m:[0m no proofs ready
[2m2026-08-24T00:57:43.915092Z[0m [32m INFO[0m [2mdeep_prove_worker::api[0m[2m:[0m [2mdeep-prove/src/bin/worker/api.rs[0m[2m:[0m[2m144[0m[2m:[0m no proofs ready
[2m2026-08-24T00:57:44.951053Z[0m [32m INFO[0m [1mdp_worker_prove_inference[0m: [2mdeep_prove_worker::api[0m[2m:[0m [2mdeep-prove/src/bin/worker/api.rs[0m[2m:[0m[2m144[0m[2m:[0m no proofs ready [2m[1mproof_id[0m: "api-local"[0m
[2m2026-08-24T00:57:45.746803Z[0m [32m INFO[0m [1mdp_worker_prove_inference[0m: [2mdeep_prove_worker[0m[2m:[0m [2mdeep-prove/src/bin/worker/main.rs[0m[2m:[0m[2m186[0m[2m:[0m Proving done. [2m[1mproof_id[0m: "api-local"[0m
[2m2026-08-24T00:57:45.746834Z[0m [32m INFO[0m [1mdp_worker_prove_inference[0m: [2mdeep_prove_worker::api[0m[2m:[0m [2mdeep-prove/src/bin/worker/api.rs[0m[2m:[0m[2m98[0m[2m:[0m proof generated in 35s [2m[1mproof_id[0m: "api-local"[0m
[2m2026-08-24T00:57:45.993957Z[0m [32m INFO[0m [2mdeep_prove_worker::api[0m[2m:[0m [2mdeep-prove/src/bin/worker/api.rs[0m[2m:[0m[2m141[0m[2m:[0m returning a 0MB proof
